Archive member included to satisfy reference by file (symbol)

c:/st/stm32cubeide_1.8.0/stm32cubeide/plugins/com.st.stm32cube.ide.mcu.externaltools.gnu-tools-for-stm32.10.3-2021.10.win32_1.0.0.202111181127/tools/bin/../lib/gcc/arm-none-eabi/10.3.1/../../../../arm-none-eabi/lib/thumb/v7e-m+fp/hard\libc_nano.a(lib_a-errno.o)
                              ./Core/Src/syscalls.o (__errno)
c:/st/stm32cubeide_1.8.0/stm32cubeide/plugins/com.st.stm32cube.ide.mcu.externaltools.gnu-tools-for-stm32.10.3-2021.10.win32_1.0.0.202111181127/tools/bin/../lib/gcc/arm-none-eabi/10.3.1/../../../../arm-none-eabi/lib/thumb/v7e-m+fp/hard\libc_nano.a(lib_a-exit.o)
                              c:/st/stm32cubeide_1.8.0/stm32cubeide/plugins/com.st.stm32cube.ide.mcu.externaltools.gnu-tools-for-stm32.10.3-2021.10.win32_1.0.0.202111181127/tools/bin/../lib/gcc/arm-none-eabi/10.3.1/../../../../arm-none-eabi/lib/thumb/v7e-m+fp/hard/crt0.o (exit)
c:/st/stm32cubeide_1.8.0/stm32cubeide/plugins/com.st.stm32cube.ide.mcu.externaltools.gnu-tools-for-stm32.10.3-2021.10.win32_1.0.0.202111181127/tools/bin/../lib/gcc/arm-none-eabi/10.3.1/../../../../arm-none-eabi/lib/thumb/v7e-m+fp/hard\libc_nano.a(lib_a-impure.o)
                              c:/st/stm32cubeide_1.8.0/stm32cubeide/plugins/com.st.stm32cube.ide.mcu.externaltools.gnu-tools-for-stm32.10.3-2021.10.win32_1.0.0.202111181127/tools/bin/../lib/gcc/arm-none-eabi/10.3.1/../../../../arm-none-eabi/lib/thumb/v7e-m+fp/hard\libc_nano.a(lib_a-exit.o) (_global_impure_ptr)
c:/st/stm32cubeide_1.8.0/stm32cubeide/plugins/com.st.stm32cube.ide.mcu.externaltools.gnu-tools-for-stm32.10.3-2021.10.win32_1.0.0.202111181127/tools/bin/../lib/gcc/arm-none-eabi/10.3.1/../../../../arm-none-eabi/lib/thumb/v7e-m+fp/hard\libc_nano.a(lib_a-init.o)
                              c:/st/stm32cubeide_1.8.0/stm32cubeide/plugins/com.st.stm32cube.ide.mcu.externaltools.gnu-tools-for-stm32.10.3-2021.10.win32_1.0.0.202111181127/tools/bin/../lib/gcc/arm-none-eabi/10.3.1/../../../../arm-none-eabi/lib/thumb/v7e-m+fp/hard/crt0.o (__libc_init_array)
c:/st/stm32cubeide_1.8.0/stm32cubeide/plugins/com.st.stm32cube.ide.mcu.externaltools.gnu-tools-for-stm32.10.3-2021.10.win32_1.0.0.202111181127/tools/bin/../lib/gcc/arm-none-eabi/10.3.1/../../../../arm-none-eabi/lib/thumb/v7e-m+fp/hard\libc_nano.a(lib_a-memset.o)
                              c:/st/stm32cubeide_1.8.0/stm32cubeide/plugins/com.st.stm32cube.ide.mcu.externaltools.gnu-tools-for-stm32.10.3-2021.10.win32_1.0.0.202111181127/tools/bin/../lib/gcc/arm-none-eabi/10.3.1/../../../../arm-none-eabi/lib/thumb/v7e-m+fp/hard/crt0.o (memset)

Discarded input sections

 .text          0x0000000000000000        0x0 c:/st/stm32cubeide_1.8.0/stm32cubeide/plugins/com.st.stm32cube.ide.mcu.externaltools.gnu-tools-for-stm32.10.3-2021.10.win32_1.0.0.202111181127/tools/bin/../lib/gcc/arm-none-eabi/10.3.1/thumb/v7e-m+fp/hard/crti.o
 .data          0x0000000000000000        0x0 c:/st/stm32cubeide_1.8.0/stm32cubeide/plugins/com.st.stm32cube.ide.mcu.externaltools.gnu-tools-for-stm32.10.3-2021.10.win32_1.0.0.202111181127/tools/bin/../lib/gcc/arm-none-eabi/10.3.1/thumb/v7e-m+fp/hard/crti.o
 .bss           0x0000000000000000        0x0 c:/st/stm32cubeide_1.8.0/stm32cubeide/plugins/com.st.stm32cube.ide.mcu.externaltools.gnu-tools-for-stm32.10.3-2021.10.win32_1.0.0.202111181127/tools/bin/../lib/gcc/arm-none-eabi/10.3.1/thumb/v7e-m+fp/hard/crti.o
 .data          0x0000000000000000        0x4 c:/st/stm32cubeide_1.8.0/stm32cubeide/plugins/com.st.stm32cube.ide.mcu.externaltools.gnu-tools-for-stm32.10.3-2021.10.win32_1.0.0.202111181127/tools/bin/../lib/gcc/arm-none-eabi/10.3.1/thumb/v7e-m+fp/hard/crtbegin.o
 .rodata        0x0000000000000000       0x24 c:/st/stm32cubeide_1.8.0/stm32cubeide/plugins/com.st.stm32cube.ide.mcu.externaltools.gnu-tools-for-stm32.10.3-2021.10.win32_1.0.0.202111181127/tools/bin/../lib/gcc/arm-none-eabi/10.3.1/thumb/v7e-m+fp/hard/crtbegin.o
 .text          0x0000000000000000       0x7c c:/st/stm32cubeide_1.8.0/stm32cubeide/plugins/com.st.stm32cube.ide.mcu.externaltools.gnu-tools-for-stm32.10.3-2021.10.win32_1.0.0.202111181127/tools/bin/../lib/gcc/arm-none-eabi/10.3.1/../../../../arm-none-eabi/lib/thumb/v7e-m+fp/hard/crt0.o
 .data          0x0000000000000000        0x0 c:/st/stm32cubeide_1.8.0/stm32cubeide/plugins/com.st.stm32cube.ide.mcu.externaltools.gnu-tools-for-stm32.10.3-2021.10.win32_1.0.0.202111181127/tools/bin/../lib/gcc/arm-none-eabi/10.3.1/../../../../arm-none-eabi/lib/thumb/v7e-m+fp/hard/crt0.o
 .bss           0x0000000000000000        0x0 c:/st/stm32cubeide_1.8.0/stm32cubeide/plugins/com.st.stm32cube.ide.mcu.externaltools.gnu-tools-for-stm32.10.3-2021.10.win32_1.0.0.202111181127/tools/bin/../lib/gcc/arm-none-eabi/10.3.1/../../../../arm-none-eabi/lib/thumb/v7e-m+fp/hard/crt0.o
[...]
Memory Configuration

Name             Origin             Length             Attributes
RAM              0x0000000020000000 0x0000000000004000 xrw
FLASH            0x0000000008000000 0x0000000000010000 xr
*default*        0x0000000000000000 0xffffffffffffffff

Linker script and memory map

LOAD c:/st/stm32cubeide_1.8.0/stm32cubeide/plugins/com.st.stm32cube.ide.mcu.externaltools.gnu-tools-for-stm32.10.3-2021.10.win32_1.0.0.202111181127/tools/bin/../lib/gcc/arm-none-eabi/10.3.1/thumb/v7e-m+fp/hard/crti.o
LOAD c:/st/stm32cubeide_1.8.0/stm32cubeide/plugins/com.st.stm32cube.ide.mcu.externaltools.gnu-tools-for-stm32.10.3-2021.10.win32_1.0.0.202111181127/tools/bin/../lib/gcc/arm-none-eabi/10.3.1/thumb/v7e-m+fp/hard/crtbegin.o
LOAD c:/st/stm32cubeide_1.8.0/stm32cubeide/plugins/com.st.stm32cube.ide.mcu.externaltools.gnu-tools-for-stm32.10.3-2021.10.win32_1.0.0.202111181127/tools/bin/../lib/gcc/arm-none-eabi/10.3.1/../../../../arm-none-eabi/lib/thumb/v7e-m+fp/hard/crt0.o
LOAD ./Core/Src/main.o
LOAD ./Core/Src/stm32f3xx_hal_msp.o
LOAD ./Core/Src/stm32f3xx_it.o
LOAD ./Core/Src/syscalls.o
LOAD ./Core/Src/sysmem.o
LOAD ./Core/Src/system_stm32f3xx.o
LOAD ./Core/Startup/startup_stm32f302r8tx.o
LOAD ./Drivers/MMR_CAN/Src/mmr_can.o
LOAD ./Drivers/MMR_CAN/Src/mmr_can_events.o
LOAD ./Drivers/MMR_CAN/Src/mmr_can_header.o
LOAD ./Drivers/MMR_CAN/Src/mmr_can_message_id.o
LOAD ./Drivers/MMR_CAN/Src/mmr_can_receive.o
LOAD ./Drivers/MMR_CAN/Src/mmr_can_scs_entries.o
LOAD ./Drivers/MMR_CAN/Src/mmr_can_scs_manager.o
LOAD ./Drivers/MMR_CAN/Src/mmr_can_send.o
LOAD ./Drivers/STM32F3xx_HAL_Driver/Src/stm32f3xx_hal.o
LOAD ./Drivers/STM32F3xx_HAL_Driver/Src/stm32f3xx_hal_adc.o
LOAD ./Drivers/STM32F3xx_HAL_Driver/Src/stm32f3xx_hal_adc_ex.o
LOAD ./Drivers/STM32F3xx_HAL_Driver/Src/stm32f3xx_hal_can.o
LOAD ./Drivers/STM32F3xx_HAL_Driver/Src/stm32f3xx_hal_cortex.o
LOAD ./Drivers/STM32F3xx_HAL_Driver/Src/stm32f3xx_hal_dma.o
LOAD ./Drivers/STM32F3xx_HAL_Driver/Src/stm32f3xx_hal_exti.o
LOAD ./Drivers/STM32F3xx_HAL_Driver/Src/stm32f3xx_hal_flash.o
LOAD ./Drivers/STM32F3xx_HAL_Driver/Src/stm32f3xx_hal_flash_ex.o
LOAD ./Drivers/STM32F3xx_HAL_Driver/Src/stm32f3xx_hal_gpio.o
LOAD ./Drivers/STM32F3xx_HAL_Driver/Src/stm32f3xx_hal_i2c.o
LOAD ./Drivers/STM32F3xx_HAL_Driver/Src/stm32f3xx_hal_i2c_ex.o
LOAD ./Drivers/STM32F3xx_HAL_Driver/Src/stm32f3xx_hal_pwr.o
LOAD ./Drivers/STM32F3xx_HAL_Driver/Src/stm32f3xx_hal_pwr_ex.o
LOAD ./Drivers/STM32F3xx_HAL_Driver/Src/stm32f3xx_hal_rcc.o
LOAD ./Drivers/STM32F3xx_HAL_Driver/Src/stm32f3xx_hal_rcc_ex.o
LOAD ./Drivers/STM32F3xx_HAL_Driver/Src/stm32f3xx_hal_tim.o
LOAD ./Drivers/STM32F3xx_HAL_Driver/Src/stm32f3xx_hal_tim_ex.o
START GROUP
LOAD c:/st/stm32cubeide_1.8.0/stm32cubeide/plugins/com.st.stm32cube.ide.mcu.externaltools.gnu-tools-for-stm32.10.3-2021.10.win32_1.0.0.202111181127/tools/bin/../lib/gcc/arm-none-eabi/10.3.1/../../../../arm-none-eabi/lib/thumb/v7e-m+fp/hard\libc_nano.a
LOAD c:/st/stm32cubeide_1.8.0/stm32cubeide/plugins/com.st.stm32cube.ide.mcu.externaltools.gnu-tools-for-stm32.10.3-2021.10.win32_1.0.0.202111181127/tools/bin/../lib/gcc/arm-none-eabi/10.3.1/../../../../arm-none-eabi/lib/thumb/v7e-m+fp/hard\libm.a
END GROUP
START GROUP
LOAD c:/st/stm32cubeide_1.8.0/stm32cubeide/plugins/com.st.stm32cube.ide.mcu.externaltools.gnu-tools-for-stm32.10.3-2021.10.win32_1.0.0.202111181127/tools/bin/../lib/gcc/arm-none-eabi/10.3.1/thumb/v7e-m+fp/hard\libgcc.a
LOAD c:/st/stm32cubeide_1.8.0/stm32cubeide/plugins/com.st.stm32cube.ide.mcu.externaltools.gnu-tools-for-stm32.10.3-2021.10.win32_1.0.0.202111181127/tools/bin/../lib/gcc/arm-none-eabi/10.3.1/../../../../arm-none-eabi/lib/thumb/v7e-m+fp/hard\libc_nano.a
END GROUP
START GROUP
LOAD c:/st/stm32cubeide_1.8.0/stm32cubeide/plugins/com.st.stm32cube.ide.mcu.externaltools.gnu-tools-for-stm32.10.3-2021.10.win32_1.0.0.202111181127/tools/bin/../lib/gcc/arm-none-eabi/10.3.1/thumb/v7e-m+fp/hard\libgcc.a
LOAD c:/st/stm32cubeide_1.8.0/stm32cubeide/plugins/com.st.stm32cube.ide.mcu.externaltools.gnu-tools-for-stm32.10.3-2021.10.win32_1.0.0.202111181127/tools/bin/../lib/gcc/arm-none-eabi/10.3.1/../../../../arm-none-eabi/lib/thumb/v7e-m+fp/hard\libc_nano.a
LOAD c:/st/stm32cubeide_1.8.0/stm32cubeide/plugins/com.st.stm32cube.ide.mcu.externaltools.gnu-tools-for-stm32.10.3-2021.10.win32_1.0.0.202111181127/tools/bin/../lib/gcc/arm-none-eabi/10.3.1/../../../../arm-none-eabi/lib/thumb/v7e-m+fp/hard\libnosys.a
END GROUP
START GROUP
LOAD c:/st/stm32cubeide_1.8.0/stm32cubeide/plugins/com.st.stm32cube.ide.mcu.externaltools.gnu-tools-for-stm32.10.3-2021.10.win32_1.0.0.202111181127/tools/bin/../lib/gcc/arm-none-eabi/10.3.1/thumb/v7e-m+fp/hard\libgcc.a
LOAD c:/st/stm32cubeide_1.8.0/stm32cubeide/plugins/com.st.stm32cube.ide.mcu.externaltools.gnu-tools-for-stm32.10.3-2021.10.win32_1.0.0.202111181127/tools/bin/../lib/gcc/arm-none-eabi/10.3.1/../../../../arm-none-eabi/lib/thumb/v7e-m+fp/hard\libc_nano.a
LOAD c:/st/stm32cubeide_1.8.0/stm32cubeide/plugins/com.st.stm32cube.ide.mcu.externaltools.gnu-tools-for-stm32.10.3-2021.10.win32_1.0.0.202111181127/tools/bin/../lib/gcc/arm-none-eabi/10.3.1/../../../../arm-none-eabi/lib/thumb/v7e-m+fp/hard\libnosys.a
END GROUP
LOAD c:/st/stm32cubeide_1.8.0/stm32cubeide/plugins/com.st.stm32cube.ide.mcu.externaltools.gnu-tools-for-stm32.10.3-2021.10.win32_1.0.0.202111181127/tools/bin/../lib/gcc/arm-none-eabi/10.3.1/thumb/v7e-m+fp/hard/crtend.o
LOAD c:/st/stm32cubeide_1.8.0/stm32cubeide/plugins/com.st.stm32cube.ide.mcu.externaltools.gnu-tools-for-stm32.10.3-2021.10.win32_1.0.0.202111181127/tools/bin/../lib/gcc/arm-none-eabi/10.3.1/thumb/v7e-m+fp/hard/crtn.o
                0x0000000020004000                _estack = (ORIGIN (RAM) + LENGTH (RAM))
                0x0000000000000200                _Min_Heap_Size = 0x200
                0x0000000000000400                _Min_Stack_Size = 0x400

.isr_vector     0x0000000008000000      0x188
                0x0000000008000000                . = ALIGN (0x4)
 *(.isr_vector)
 .isr_vector    0x0000000008000000      0x188 ./Core/Startup/startup_stm32f302r8tx.o
                0x0000000008000000                g_pfnVectors
                0x0000000008000188                . = ALIGN (0x4)

.text           0x0000000008000188     0x50cc
                0x0000000008000188                . = ALIGN (0x4)
 *(.text)
 .text          0x0000000008000188       0x40 c:/st/stm32cubeide_1.8.0/stm32cubeide/plugins/com.st.stm32cube.ide.mcu.externaltools.gnu-tools-for-stm32.10.3-2021.10.win32_1.0.0.202111181127/tools/bin/../lib/gcc/arm-none-eabi/10.3.1/thumb/v7e-m+fp/hard/crtbegin.o
 *(.text*)
 .text.Direction_set
                0x00000000080001c8       0x72 ./Core/Src/main.o
                0x00000000080001c8                Direction_set
 *fill*         0x000000000800023a        0x2 
 .text.Speed_set
                0x000000000800023c       0xd8 ./Core/Src/main.o
                0x000000000800023c                Speed_set
 .text.HAL_TIM_PeriodElapsedCallback
                0x0000000008000314       0x64 ./Core/Src/main.o
                0x0000000008000314                HAL_TIM_PeriodElapsedCallback
 .text.main     0x0000000008000378       0xb8 ./Core/Src/main.o
                0x0000000008000378                main
 .text.SystemClock_Config
                0x0000000008000430       0x78 ./Core/Src/main.o
                0x0000000008000430                SystemClock_Config
 .text.MX_ADC1_Init
                0x00000000080004a8       0xbc ./Core/Src/main.o
 .text.MX_CAN_Init
                0x0000000008000564       0x7c ./Core/Src/main.o
 .text.MX_TIM2_Init
                0x00000000080005e0       0xfc ./Core/Src/main.o
 .text.MX_DMA_Init
                0x00000000080006dc       0x3c ./Core/Src/main.o
 .text.MX_GPIO_Init
                0x0000000008000718       0x7c ./Core/Src/main.o
 .text.Error_Handler
                0x0000000008000794        0xa ./Core/Src/main.o
                0x0000000008000794                Error_Handler
 *fill*         0x000000000800079e        0x2 
 .text.HAL_MspInit
                0x00000000080007a0       0x48 ./Core/Src/stm32f3xx_hal_msp.o
                0x00000000080007a0                HAL_MspInit
 .text.HAL_ADC_MspInit
                0x00000000080007e8       0xd0 ./Core/Src/stm32f3xx_hal_msp.o
                0x00000000080007e8                HAL_ADC_MspInit
 .text.HAL_CAN_MspInit
                0x00000000080008b8       0x88 ./Core/Src/stm32f3xx_hal_msp.o
                0x00000000080008b8                HAL_CAN_MspInit
 .text.HAL_TIM_Base_MspInit
                0x0000000008000940       0x48 ./Core/Src/stm32f3xx_hal_msp.o
                0x0000000008000940                HAL_TIM_Base_MspInit
 .text.HAL_TIM_MspPostInit
                0x0000000008000988       0x68 ./Core/Src/stm32f3xx_hal_msp.o
                0x0000000008000988                HAL_TIM_MspPostInit
 .text.NMI_Handler
                0x00000000080009f0        0x6 ./Core/Src/stm32f3xx_it.o
                0x00000000080009f0                NMI_Handler
 .text.HardFault_Handler
                0x00000000080009f6        0x6 ./Core/Src/stm32f3xx_it.o
                0x00000000080009f6                HardFault_Handler
 .text.MemManage_Handler
                0x00000000080009fc        0x6 ./Core/Src/stm32f3xx_it.o
                0x00000000080009fc                MemManage_Handler
 .text.BusFault_Handler
                0x0000000008000a02        0x6 ./Core/Src/stm32f3xx_it.o
                0x0000000008000a02                BusFault_Handler
 .text.UsageFault_Handler
                0x0000000008000a08        0x6 ./Core/Src/stm32f3xx_it.o
                0x0000000008000a08                UsageFault_Handler
 .text.SVC_Handler
                0x0000000008000a0e        0xe ./Core/Src/stm32f3xx_it.o
                0x0000000008000a0e                SVC_Handler
 .text.DebugMon_Handler
                0x0000000008000a1c        0xe ./Core/Src/stm32f3xx_it.o
                0x0000000008000a1c                DebugMon_Handler
 .text.PendSV_Handler
                0x0000000008000a2a        0xe ./Core/Src/stm32f3xx_it.o
                0x0000000008000a2a                PendSV_Handler
 .text.SysTick_Handler
                0x0000000008000a38        0xc ./Core/Src/stm32f3xx_it.o
                0x0000000008000a38                SysTick_Handler
 .text.DMA1_Channel1_IRQHandler
                0x0000000008000a44       0x14 ./Core/Src/stm32f3xx_it.o
                0x0000000008000a44                DMA1_Channel1_IRQHandler
 .text.TIM2_IRQHandler
                0x0000000008000a58       0x14 ./Core/Src/stm32f3xx_it.o
                0x0000000008000a58                TIM2_IRQHandler
 .text.SystemInit
                0x0000000008000a6c       0x24 ./Core/Src/system_stm32f3xx.o
                0x0000000008000a6c                SystemInit
 .text.Reset_Handler
                0x0000000008000a90       0x50 ./Core/Startup/startup_stm32f302r8tx.o
                0x0000000008000a90                Reset_Handler
 .text.Default_Handler
                0x0000000008000ae0        0x2 ./Core/Startup/startup_stm32f302r8tx.o
                0x0000000008000ae0                RTC_Alarm_IRQHandler
                0x0000000008000ae0                TIM1_CC_IRQHandler
                0x0000000008000ae0                USB_HP_IRQHandler
                0x0000000008000ae0                PVD_IRQHandler
                0x0000000008000ae0                TAMP_STAMP_IRQHandler
                0x0000000008000ae0                EXTI3_IRQHandler
                0x0000000008000ae0                I2C3_ER_IRQHandler
                0x0000000008000ae0                USB_HP_CAN_TX_IRQHandler
                0x0000000008000ae0                EXTI0_IRQHandler
                0x0000000008000ae0                I2C2_EV_IRQHandler
                0x0000000008000ae0                FPU_IRQHandler
                0x0000000008000ae0                TIM1_UP_TIM16_IRQHandler
                0x0000000008000ae0                CAN_SCE_IRQHandler
                0x0000000008000ae0                TIM6_DAC_IRQHandler
                0x0000000008000ae0                DMA1_Channel4_IRQHandler
                0x0000000008000ae0                ADC1_IRQHandler
                0x0000000008000ae0                USART3_IRQHandler
                0x0000000008000ae0                DMA1_Channel7_IRQHandler
                0x0000000008000ae0                CAN_RX1_IRQHandler
                0x0000000008000ae0                I2C1_EV_IRQHandler
                0x0000000008000ae0                DMA1_Channel6_IRQHandler
                0x0000000008000ae0                RCC_IRQHandler
                0x0000000008000ae0                Default_Handler
                0x0000000008000ae0                USBWakeUp_RMP_IRQHandler
                0x0000000008000ae0                EXTI15_10_IRQHandler
                0x0000000008000ae0                COMP2_IRQHandler
                0x0000000008000ae0                I2C3_EV_IRQHandler
                0x0000000008000ae0                EXTI9_5_IRQHandler
                0x0000000008000ae0                RTC_WKUP_IRQHandler
                0x0000000008000ae0                SPI2_IRQHandler
                0x0000000008000ae0                USB_LP_CAN_RX0_IRQHandler
                0x0000000008000ae0                DMA1_Channel5_IRQHandler
                0x0000000008000ae0                USB_LP_IRQHandler
                0x0000000008000ae0                EXTI4_IRQHandler
                0x0000000008000ae0                TIM1_TRG_COM_TIM17_IRQHandler
                0x0000000008000ae0                DMA1_Channel3_IRQHandler
                0x0000000008000ae0                WWDG_IRQHandler
                0x0000000008000ae0                EXTI1_IRQHandler
                0x0000000008000ae0                COMP4_6_IRQHandler
                0x0000000008000ae0                USART2_IRQHandler
                0x0000000008000ae0                I2C2_ER_IRQHandler
                0x0000000008000ae0                DMA1_Channel2_IRQHandler
                0x0000000008000ae0                FLASH_IRQHandler
                0x0000000008000ae0                USART1_IRQHandler
                0x0000000008000ae0                SPI3_IRQHandler
                0x0000000008000ae0                I2C1_ER_IRQHandler
                0x0000000008000ae0                USBWakeUp_IRQHandler
                0x0000000008000ae0                EXTI2_TSC_IRQHandler
                0x0000000008000ae0                TIM1_BRK_TIM15_IRQHandler
 .text.MMR_CAN_BasicSetupAndStart
                0x0000000008000ae2       0x38 ./Drivers/MMR_CAN/Src/mmr_can.o
                0x0000000008000ae2                MMR_CAN_BasicSetupAndStart
 .text.MMR_CAN_FilterConfig
                0x0000000008000b1a       0x58 ./Drivers/MMR_CAN/Src/mmr_can.o
                0x0000000008000b1a                MMR_CAN_FilterConfig
 *fill*         0x0000000008000b72        0x2 
 .text.MMR_CAN_GetDefaultFilterSettings
                0x0000000008000b74       0x24 ./Drivers/MMR_CAN/Src/mmr_can.o
                0x0000000008000b74                MMR_CAN_GetDefaultFilterSettings
 .text.MMR_CAN_HeaderFromBits
                0x0000000008000b98       0x78 ./Drivers/MMR_CAN/Src/mmr_can_header.o
                0x0000000008000b98                MMR_CAN_HeaderFromBits
 .text.MMR_CAN_IsMultiFrame
                0x0000000008000c10       0x26 ./Drivers/MMR_CAN/Src/mmr_can_header.o
                0x0000000008000c10                MMR_CAN_IsMultiFrame
 .text.MMR_CAN_IsMultiFrameEnd
                0x0000000008000c36       0x26 ./Drivers/MMR_CAN/Src/mmr_can_header.o
                0x0000000008000c36                MMR_CAN_IsMultiFrameEnd
 .text.MMR_CAN_TryReceive
                0x0000000008000c5c       0x3a ./Drivers/MMR_CAN/Src/mmr_can_receive.o
                0x0000000008000c5c                MMR_CAN_TryReceive
 .text.MMR_CAN_Receive
                0x0000000008000c96       0x76 ./Drivers/MMR_CAN/Src/mmr_can_receive.o
                0x0000000008000c96                MMR_CAN_Receive
 .text.receiveAll
                0x0000000008000d0c       0x54 ./Drivers/MMR_CAN/Src/mmr_can_receive.o
 .text.receiveOne
                0x0000000008000d60       0x40 ./Drivers/MMR_CAN/Src/mmr_can_receive.o
 .text.headerIsMultiFrame
                0x0000000008000da0       0x4c ./Drivers/MMR_CAN/Src/mmr_can_receive.o
 .text.HAL_Init
                0x0000000008000dec       0x2c ./Drivers/STM32F3xx_HAL_Driver/Src/stm32f3xx_hal.o
                0x0000000008000dec                HAL_Init
 .text.HAL_InitTick
                0x0000000008000e18       0x60 ./Drivers/STM32F3xx_HAL_Driver/Src/stm32f3xx_hal.o
                0x0000000008000e18                HAL_InitTick
 .text.HAL_IncTick
                0x0000000008000e78       0x28 ./Drivers/STM32F3xx_HAL_Driver/Src/stm32f3xx_hal.o
                0x0000000008000e78                HAL_IncTick
 .text.HAL_GetTick
                0x0000000008000ea0       0x18 ./Drivers/STM32F3xx_HAL_Driver/Src/stm32f3xx_hal.o
                0x0000000008000ea0                HAL_GetTick
 .text.HAL_ADC_ConvCpltCallback
                0x0000000008000eb8       0x14 ./Drivers/STM32F3xx_HAL_Driver/Src/stm32f3xx_hal_adc.o
                0x0000000008000eb8                HAL_ADC_ConvCpltCallback
 .text.HAL_ADC_ConvHalfCpltCallback
                0x0000000008000ecc       0x14 ./Drivers/STM32F3xx_HAL_Driver/Src/stm32f3xx_hal_adc.o
                0x0000000008000ecc                HAL_ADC_ConvHalfCpltCallback
 .text.HAL_ADC_ErrorCallback
                0x0000000008000ee0       0x14 ./Drivers/STM32F3xx_HAL_Driver/Src/stm32f3xx_hal_adc.o
                0x0000000008000ee0                HAL_ADC_ErrorCallback
 .text.HAL_ADC_Init
                0x0000000008000ef4      0x30c ./Drivers/STM32F3xx_HAL_Driver/Src/stm32f3xx_hal_adc_ex.o
                0x0000000008000ef4                HAL_ADC_Init
 .text.HAL_ADC_Start_DMA
                0x0000000008001200      0x138 ./Drivers/STM32F3xx_HAL_Driver/Src/stm32f3xx_hal_adc_ex.o
                0x0000000008001200                HAL_ADC_Start_DMA
 .text.HAL_ADC_ConfigChannel
                0x0000000008001338      0x56c ./Drivers/STM32F3xx_HAL_Driver/Src/stm32f3xx_hal_adc_ex.o
                0x0000000008001338                HAL_ADC_ConfigChannel
 .text.ADC_DMAConvCplt
                0x00000000080018a4       0x7a ./Drivers/STM32F3xx_HAL_Driver/Src/stm32f3xx_hal_adc_ex.o
 .text.ADC_DMAHalfConvCplt
                0x000000000800191e       0x1c ./Drivers/STM32F3xx_HAL_Driver/Src/stm32f3xx_hal_adc_ex.o
 .text.ADC_DMAError
                0x000000000800193a       0x34 ./Drivers/STM32F3xx_HAL_Driver/Src/stm32f3xx_hal_adc_ex.o
 *fill*         0x000000000800196e        0x2 
 .text.ADC_Enable
                0x0000000008001970       0xc8 ./Drivers/STM32F3xx_HAL_Driver/Src/stm32f3xx_hal_adc_ex.o
 .text.ADC_Disable
                0x0000000008001a38       0xcc ./Drivers/STM32F3xx_HAL_Driver/Src/stm32f3xx_hal_adc_ex.o
 .text.HAL_CAN_Init
                0x0000000008001b04      0x1f6 ./Drivers/STM32F3xx_HAL_Driver/Src/stm32f3xx_hal_can.o
                0x0000000008001b04                HAL_CAN_Init
 .text.HAL_CAN_ConfigFilter
                0x0000000008001cfa      0x194 ./Drivers/STM32F3xx_HAL_Driver/Src/stm32f3xx_hal_can.o
                0x0000000008001cfa                HAL_CAN_ConfigFilter
 .text.HAL_CAN_Start
                0x0000000008001e8e       0x88 ./Drivers/STM32F3xx_HAL_Driver/Src/stm32f3xx_hal_can.o
                0x0000000008001e8e                HAL_CAN_Start
 .text.HAL_CAN_GetRxMessage
                0x0000000008001f16      0x224 ./Drivers/STM32F3xx_HAL_Driver/Src/stm32f3xx_hal_can.o
                0x0000000008001f16                HAL_CAN_GetRxMessage
 .text.HAL_CAN_GetRxFifoFillLevel
                0x000000000800213a       0x50 ./Drivers/STM32F3xx_HAL_Driver/Src/stm32f3xx_hal_can.o
                0x000000000800213a                HAL_CAN_GetRxFifoFillLevel
 *fill*         0x000000000800218a        0x2 
 .text.__NVIC_SetPriorityGrouping
                0x000000000800218c       0x48 ./Drivers/STM32F3xx_HAL_Driver/Src/stm32f3xx_hal_cortex.o
 .text.__NVIC_GetPriorityGrouping
                0x00000000080021d4       0x1c ./Drivers/STM32F3xx_HAL_Driver/Src/stm32f3xx_hal_cortex.o
 .text.__NVIC_EnableIRQ
                0x00000000080021f0       0x3c ./Drivers/STM32F3xx_HAL_Driver/Src/stm32f3xx_hal_cortex.o
 .text.__NVIC_SetPriority
                0x000000000800222c       0x54 ./Drivers/STM32F3xx_HAL_Driver/Src/stm32f3xx_hal_cortex.o
 .text.NVIC_EncodePriority
                0x0000000008002280       0x66 ./Drivers/STM32F3xx_HAL_Driver/Src/stm32f3xx_hal_cortex.o
 *fill*         0x00000000080022e6        0x2 
 .text.SysTick_Config
                0x00000000080022e8       0x44 ./Drivers/STM32F3xx_HAL_Driver/Src/stm32f3xx_hal_cortex.o
 .text.HAL_NVIC_SetPriorityGrouping
                0x000000000800232c       0x16 ./Drivers/STM32F3xx_HAL_Driver/Src/stm32f3xx_hal_cortex.o
                0x000000000800232c                HAL_NVIC_SetPriorityGrouping
 .text.HAL_NVIC_SetPriority
                0x0000000008002342       0x38 ./Drivers/STM32F3xx_HAL_Driver/Src/stm32f3xx_hal_cortex.o
                0x0000000008002342                HAL_NVIC_SetPriority
 .text.HAL_NVIC_EnableIRQ
                0x000000000800237a       0x1c ./Drivers/STM32F3xx_HAL_Driver/Src/stm32f3xx_hal_cortex.o
                0x000000000800237a                HAL_NVIC_EnableIRQ
 .text.HAL_SYSTICK_Config
                0x0000000008002396       0x18 ./Drivers/STM32F3xx_HAL_Driver/Src/stm32f3xx_hal_cortex.o
                0x0000000008002396                HAL_SYSTICK_Config
 .text.HAL_DMA_Init
                0x00000000080023ae       0x8e ./Drivers/STM32F3xx_HAL_Driver/Src/stm32f3xx_hal_dma.o
                0x00000000080023ae                HAL_DMA_Init
 .text.HAL_DMA_Start_IT
                0x000000000800243c       0xbe ./Drivers/STM32F3xx_HAL_Driver/Src/stm32f3xx_hal_dma.o
                0x000000000800243c                HAL_DMA_Start_IT
 .text.HAL_DMA_IRQHandler
                0x00000000080024fa      0x146 ./Drivers/STM32F3xx_HAL_Driver/Src/stm32f3xx_hal_dma.o
                0x00000000080024fa                HAL_DMA_IRQHandler
 .text.DMA_SetConfig
                0x0000000008002640       0x5c ./Drivers/STM32F3xx_HAL_Driver/Src/stm32f3xx_hal_dma.o
 .text.DMA_CalcBaseAndBitshift
                0x000000000800269c       0x40 ./Drivers/STM32F3xx_HAL_Driver/Src/stm32f3xx_hal_dma.o
 .text.HAL_GPIO_Init
                0x00000000080026dc      0x2e4 ./Drivers/STM32F3xx_HAL_Driver/Src/stm32f3xx_hal_gpio.o
                0x00000000080026dc                HAL_GPIO_Init
 .text.HAL_GPIO_ReadPin
                0x00000000080029c0       0x30 ./Drivers/STM32F3xx_HAL_Driver/Src/stm32f3xx_hal_gpio.o
                0x00000000080029c0                HAL_GPIO_ReadPin
 .text.HAL_GPIO_WritePin
                0x00000000080029f0       0x30 ./Drivers/STM32F3xx_HAL_Driver/Src/stm32f3xx_hal_gpio.o
                0x00000000080029f0                HAL_GPIO_WritePin
 .text.HAL_RCC_OscConfig
                0x0000000008002a20     0x107c ./Drivers/STM32F3xx_HAL_Driver/Src/stm32f3xx_hal_rcc.o
                0x0000000008002a20                HAL_RCC_OscConfig
 .text.HAL_RCC_ClockConfig
                0x0000000008003a9c      0x2f8 ./Drivers/STM32F3xx_HAL_Driver/Src/stm32f3xx_hal_rcc.o
                0x0000000008003a9c                HAL_RCC_ClockConfig
 .text.HAL_RCC_GetSysClockFreq
                0x0000000008003d94       0xd4 ./Drivers/STM32F3xx_HAL_Driver/Src/stm32f3xx_hal_rcc.o
                0x0000000008003d94                HAL_RCC_GetSysClockFreq
 .text.HAL_TIM_Base_Init
                0x0000000008003e68       0xae ./Drivers/STM32F3xx_HAL_Driver/Src/stm32f3xx_hal_tim.o
                0x0000000008003e68                HAL_TIM_Base_Init
 *fill*         0x0000000008003f16        0x2 
 .text.HAL_TIM_Base_Start_IT
                0x0000000008003f18       0xa8 ./Drivers/STM32F3xx_HAL_Driver/Src/stm32f3xx_hal_tim.o
                0x0000000008003f18                HAL_TIM_Base_Start_IT
 .text.HAL_TIM_PWM_Init
                0x0000000008003fc0       0xae ./Drivers/STM32F3xx_HAL_Driver/Src/stm32f3xx_hal_tim.o
                0x0000000008003fc0                HAL_TIM_PWM_Init
 .text.HAL_TIM_PWM_MspInit
                0x000000000800406e       0x14 ./Drivers/STM32F3xx_HAL_Driver/Src/stm32f3xx_hal_tim.o
                0x000000000800406e                HAL_TIM_PWM_MspInit
 *fill*         0x0000000008004082        0x2 
 .text.HAL_TIM_PWM_Start_IT
                0x0000000008004084      0x264 ./Drivers/STM32F3xx_HAL_Driver/Src/stm32f3xx_hal_tim.o
                0x0000000008004084                HAL_TIM_PWM_Start_IT
 .text.HAL_TIM_IRQHandler
                0x00000000080042e8      0x23e ./Drivers/STM32F3xx_HAL_Driver/Src/stm32f3xx_hal_tim.o
                0x00000000080042e8                HAL_TIM_IRQHandler
 *fill*         0x0000000008004526        0x2 
 .text.HAL_TIM_PWM_ConfigChannel
                0x0000000008004528      0x228 ./Drivers/STM32F3xx_HAL_Driver/Src/stm32f3xx_hal_tim.o
                0x0000000008004528                HAL_TIM_PWM_ConfigChannel
 .text.HAL_TIM_ConfigClockSource
                0x0000000008004750      0x192 ./Drivers/STM32F3xx_HAL_Driver/Src/stm32f3xx_hal_tim.o
                0x0000000008004750                HAL_TIM_ConfigClockSource
 .text.HAL_TIM_OC_DelayElapsedCallback
                0x00000000080048e2       0x14 ./Drivers/STM32F3xx_HAL_Driver/Src/stm32f3xx_hal_tim.o
                0x00000000080048e2                HAL_TIM_OC_DelayElapsedCallback
 .text.HAL_TIM_IC_CaptureCallback
                0x00000000080048f6       0x14 ./Drivers/STM32F3xx_HAL_Driver/Src/stm32f3xx_hal_tim.o
                0x00000000080048f6                HAL_TIM_IC_CaptureCallback
 .text.HAL_TIM_PWM_PulseFinishedCallback
                0x000000000800490a       0x14 ./Drivers/STM32F3xx_HAL_Driver/Src/stm32f3xx_hal_tim.o
                0x000000000800490a                HAL_TIM_PWM_PulseFinishedCallback
 .text.HAL_TIM_TriggerCallback
                0x000000000800491e       0x14 ./Drivers/STM32F3xx_HAL_Driver/Src/stm32f3xx_hal_tim.o
                0x000000000800491e                HAL_TIM_TriggerCallback
 *fill*         0x0000000008004932        0x2 
 .text.TIM_Base_SetConfig
                0x0000000008004934       0xdc ./Drivers/STM32F3xx_HAL_Driver/Src/stm32f3xx_hal_tim.o
                0x0000000008004934                TIM_Base_SetConfig
 .text.TIM_OC1_SetConfig
                0x0000000008004a10      0x10c ./Drivers/STM32F3xx_HAL_Driver/Src/stm32f3xx_hal_tim.o
 .text.TIM_OC2_SetConfig
                0x0000000008004b1c      0x100 ./Drivers/STM32F3xx_HAL_Driver/Src/stm32f3xx_hal_tim.o
                0x0000000008004b1c                TIM_OC2_SetConfig
 .text.TIM_OC3_SetConfig
                0x0000000008004c1c       0xfc ./Drivers/STM32F3xx_HAL_Driver/Src/stm32f3xx_hal_tim.o
 .text.TIM_OC4_SetConfig
                0x0000000008004d18       0xc8 ./Drivers/STM32F3xx_HAL_Driver/Src/stm32f3xx_hal_tim.o
 .text.TIM_OC5_SetConfig
                0x0000000008004de0       0xbc ./Drivers/STM32F3xx_HAL_Driver/Src/stm32f3xx_hal_tim.o
 .text.TIM_OC6_SetConfig
                0x0000000008004e9c       0xc0 ./Drivers/STM32F3xx_HAL_Driver/Src/stm32f3xx_hal_tim.o
 .text.TIM_TI1_ConfigInputStage
                0x0000000008004f5c       0x5e ./Drivers/STM32F3xx_HAL_Driver/Src/stm32f3xx_hal_tim.o
 .text.TIM_TI2_ConfigInputStage
                0x0000000008004fba       0x60 ./Drivers/STM32F3xx_HAL_Driver/Src/stm32f3xx_hal_tim.o
 .text.TIM_ITRx_SetConfig
                0x000000000800501a       0x36 ./Drivers/STM32F3xx_HAL_Driver/Src/stm32f3xx_hal_tim.o
 .text.TIM_ETR_SetConfig
                0x0000000008005050       0x40 ./Drivers/STM32F3xx_HAL_Driver/Src/stm32f3xx_hal_tim.o
                0x0000000008005050                TIM_ETR_SetConfig
 .text.TIM_CCxChannelCmd
                0x0000000008005090       0x4a ./Drivers/STM32F3xx_HAL_Driver/Src/stm32f3xx_hal_tim.o
                0x0000000008005090                TIM_CCxChannelCmd
 *fill*         0x00000000080050da        0x2 
 .text.HAL_TIMEx_MasterConfigSynchronization
                0x00000000080050dc       0xcc ./Drivers/STM32F3xx_HAL_Driver/Src/stm32f3xx_hal_tim_ex.o
                0x00000000080050dc                HAL_TIMEx_MasterConfigSynchronization
 .text.HAL_TIMEx_CommutCallback
                0x00000000080051a8       0x14 ./Drivers/STM32F3xx_HAL_Driver/Src/stm32f3xx_hal_tim_ex.o
                0x00000000080051a8                HAL_TIMEx_CommutCallback
 .text.HAL_TIMEx_BreakCallback
                0x00000000080051bc       0x14 ./Drivers/STM32F3xx_HAL_Driver/Src/stm32f3xx_hal_tim_ex.o
                0x00000000080051bc                HAL_TIMEx_BreakCallback
 .text.HAL_TIMEx_Break2Callback
                0x00000000080051d0       0x14 ./Drivers/STM32F3xx_HAL_Driver/Src/stm32f3xx_hal_tim_ex.o
                0x00000000080051d0                HAL_TIMEx_Break2Callback
 .text.__libc_init_array
                0x00000000080051e4       0x48 c:/st/stm32cubeide_1.8.0/stm32cubeide/plugins/com.st.stm32cube.ide.mcu.externaltools.gnu-tools-for-stm32.10.3-2021.10.win32_1.0.0.202111181127/tools/bin/../lib/gcc/arm-none-eabi/10.3.1/../../../../arm-none-eabi/lib/thumb/v7e-m+fp/hard\libc_nano.a(lib_a-init.o)
                0x00000000080051e4                __libc_init_array
 .text.memset   0x000000000800522c       0x10 c:/st/stm32cubeide_1.8.0/stm32cubeide/plugins/com.st.stm32cube.ide.mcu.externaltools.gnu-tools-for-stm32.10.3-2021.10.win32_1.0.0.202111181127/tools/bin/../lib/gcc/arm-none-eabi/10.3.1/../../../../arm-none-eabi/lib/thumb/v7e-m+fp/hard\libc_nano.a(lib_a-memset.o)
                0x000000000800522c                memset
 *(.glue_7)
 .glue_7        0x000000000800523c        0x0 linker stubs
 *(.glue_7t)
 .glue_7t       0x000000000800523c        0x0 linker stubs
 *(.eh_frame)
 .eh_frame      0x000000000800523c        0x0 c:/st/stm32cubeide_1.8.0/stm32cubeide/plugins/com.st.stm32cube.ide.mcu.externaltools.gnu-tools-for-stm32.10.3-2021.10.win32_1.0.0.202111181127/tools/bin/../lib/gcc/arm-none-eabi/10.3.1/thumb/v7e-m+fp/hard/crtbegin.o
 *(.init)
 .init          0x000000000800523c        0x4 c:/st/stm32cubeide_1.8.0/stm32cubeide/plugins/com.st.stm32cube.ide.mcu.externaltools.gnu-tools-for-stm32.10.3-2021.10.win32_1.0.0.202111181127/tools/bin/../lib/gcc/arm-none-eabi/10.3.1/thumb/v7e-m+fp/hard/crti.o
                0x000000000800523c                _init
 .init          0x0000000008005240        0x8 c:/st/stm32cubeide_1.8.0/stm32cubeide/plugins/com.st.stm32cube.ide.mcu.externaltools.gnu-tools-for-stm32.10.3-2021.10.win32_1.0.0.202111181127/tools/bin/../lib/gcc/arm-none-eabi/10.3.1/thumb/v7e-m+fp/hard/crtn.o
 *(.fini)
 .fini          0x0000000008005248        0x4 c:/st/stm32cubeide_1.8.0/stm32cubeide/plugins/com.st.stm32cube.ide.mcu.externaltools.gnu-tools-for-stm32.10.3-2021.10.win32_1.0.0.202111181127/tools/bin/../lib/gcc/arm-none-eabi/10.3.1/thumb/v7e-m+fp/hard/crti.o
                0x0000000008005248                _fini
 .fini          0x000000000800524c        0x8 c:/st/stm32cubeide_1.8.0/stm32cubeide/plugins/com.st.stm32cube.ide.mcu.externaltools.gnu-tools-for-stm32.10.3-2021.10.win32_1.0.0.202111181127/tools/bin/../lib/gcc/arm-none-eabi/10.3.1/thumb/v7e-m+fp/hard/crtn.o
                0x0000000008005254                . = ALIGN (0x4)
                0x0000000008005254                _etext = .

.vfp11_veneer   0x0000000008005254        0x0
 .vfp11_veneer  0x0000000008005254        0x0 linker stubs

.v4_bx          0x0000000008005254        0x0
 .v4_bx         0x0000000008005254        0x0 linker stubs

.iplt           0x0000000008005254        0x0
 .iplt          0x0000000008005254        0x0 c:/st/stm32cubeide_1.8.0/stm32cubeide/plugins/com.st.stm32cube.ide.mcu.externaltools.gnu-tools-for-stm32.10.3-2021.10.win32_1.0.0.202111181127/tools/bin/../lib/gcc/arm-none-eabi/10.3.1/thumb/v7e-m+fp/hard/crtbegin.o

.rodata         0x0000000008005254       0x38
                0x0000000008005254                . = ALIGN (0x4)
 *(.rodata)
 .rodata        0x0000000008005254        0x8 ./Drivers/MMR_CAN/Src/mmr_can.o
 *(.rodata*)
 .rodata.AHBPrescTable
                0x000000000800525c       0x10 ./Core/Src/system_stm32f3xx.o
                0x000000000800525c                AHBPrescTable
 .rodata.aPLLMULFactorTable
                0x000000000800526c       0x10 ./Drivers/STM32F3xx_HAL_Driver/Src/stm32f3xx_hal_rcc.o
                0x000000000800526c                aPLLMULFactorTable
 .rodata.aPredivFactorTable
                0x000000000800527c       0x10 ./Drivers/STM32F3xx_HAL_Driver/Src/stm32f3xx_hal_rcc.o
                0x000000000800527c                aPredivFactorTable
                0x000000000800528c                . = ALIGN (0x4)

.rel.dyn        0x000000000800528c        0x0
 .rel.iplt      0x000000000800528c        0x0 c:/st/stm32cubeide_1.8.0/stm32cubeide/plugins/com.st.stm32cube.ide.mcu.externaltools.gnu-tools-for-stm32.10.3-2021.10.win32_1.0.0.202111181127/tools/bin/../lib/gcc/arm-none-eabi/10.3.1/thumb/v7e-m+fp/hard/crtbegin.o

.ARM.extab      0x000000000800528c        0x0
                0x000000000800528c                . = ALIGN (0x4)
 *(.ARM.extab* .gnu.linkonce.armextab.*)
                0x000000000800528c                . = ALIGN (0x4)

.ARM            0x000000000800528c        0x0
                0x000000000800528c                . = ALIGN (0x4)
                0x000000000800528c                __exidx_start = .
 *(.ARM.exidx*)
                0x000000000800528c                __exidx_end = .
                0x000000000800528c                . = ALIGN (0x4)

.preinit_array  0x000000000800528c        0x0
                0x000000000800528c                . = ALIGN (0x4)
                0x000000000800528c                PROVIDE (__preinit_array_start = .)
 *(.preinit_array*)
                0x000000000800528c                PROVIDE (__preinit_array_end = .)
                0x000000000800528c                . = ALIGN (0x4)

.init_array     0x000000000800528c        0x4
                0x000000000800528c                . = ALIGN (0x4)
                0x000000000800528c                PROVIDE (__init_array_start = .)
 *(SORT_BY_NAME(.init_array.*))
 *(.init_array*)
 .init_array    0x000000000800528c        0x4 c:/st/stm32cubeide_1.8.0/stm32cubeide/plugins/com.st.stm32cube.ide.mcu.externaltools.gnu-tools-for-stm32.10.3-2021.10.win32_1.0.0.202111181127/tools/bin/../lib/gcc/arm-none-eabi/10.3.1/thumb/v7e-m+fp/hard/crtbegin.o
                0x0000000008005290                PROVIDE (__init_array_end = .)
                0x0000000008005290                . = ALIGN (0x4)

.fini_array     0x0000000008005290        0x4
                0x0000000008005290                . = ALIGN (0x4)
                [!provide]                        PROVIDE (__fini_array_start = .)
 *(SORT_BY_NAME(.fini_array.*))
 *(.fini_array*)
 .fini_array    0x0000000008005290        0x4 c:/st/stm32cubeide_1.8.0/stm32cubeide/plugins/com.st.stm32cube.ide.mcu.externaltools.gnu-tools-for-stm32.10.3-2021.10.win32_1.0.0.202111181127/tools/bin/../lib/gcc/arm-none-eabi/10.3.1/thumb/v7e-m+fp/hard/crtbegin.o
                [!provide]                        PROVIDE (__fini_array_end = .)
                0x0000000008005294                . = ALIGN (0x4)
                0x0000000008005294                _sidata = LOADADDR (.data)

.data           0x0000000020000000       0x14 load address 0x0000000008005294
                0x0000000020000000                . = ALIGN (0x4)
                0x0000000020000000                _sdata = .
 *(.data)
 *(.data*)
 .data.target_pressure
                0x0000000020000000        0x4 ./Core/Src/main.o
                0x0000000020000000                target_pressure
 .data.prescaler
                0x0000000020000004        0x4 ./Core/Src/main.o
                0x0000000020000004                prescaler
 .data.SystemCoreClock
                0x0000000020000008        0x4 ./Core/Src/system_stm32f3xx.o
                0x0000000020000008                SystemCoreClock
 .data.uwTickPrio
                0x000000002000000c        0x4 ./Drivers/STM32F3xx_HAL_Driver/Src/stm32f3xx_hal.o
                0x000000002000000c                uwTickPrio
 .data.uwTickFreq
                0x0000000020000010        0x1 ./Drivers/STM32F3xx_HAL_Driver/Src/stm32f3xx_hal.o
                0x0000000020000010                uwTickFreq
 *(.RamFunc)
 *(.RamFunc*)
                0x0000000020000014                . = ALIGN (0x4)
 *fill*         0x0000000020000011        0x3 
                0x0000000020000014                _edata = .

.igot.plt       0x0000000020000014        0x0 load address 0x00000000080052a8
 .igot.plt      0x0000000020000014        0x0 c:/st/stm32cubeide_1.8.0/stm32cubeide/plugins/com.st.stm32cube.ide.mcu.externaltools.gnu-tools-for-stm32.10.3-2021.10.win32_1.0.0.202111181127/tools/bin/../lib/gcc/arm-none-eabi/10.3.1/thumb/v7e-m+fp/hard/crtbegin.o
                0x0000000020000014                . = ALIGN (0x4)

.bss            0x0000000020000014      0x148 load address 0x00000000080052a8
                0x0000000020000014                _sbss = .
                0x0000000020000014                __bss_start__ = _sbss
 *(.bss)
 .bss           0x0000000020000014       0x1c c:/st/stm32cubeide_1.8.0/stm32cubeide/plugins/com.st.stm32cube.ide.mcu.externaltools.gnu-tools-for-stm32.10.3-2021.10.win32_1.0.0.202111181127/tools/bin/../lib/gcc/arm-none-eabi/10.3.1/thumb/v7e-m+fp/hard/crtbegin.o
 *(.bss*)
 .bss.hadc1     0x0000000020000030       0x50 ./Core/Src/main.o
                0x0000000020000030                hadc1
 .bss.hdma_adc1
                0x0000000020000080       0x44 ./Core/Src/main.o
                0x0000000020000080                hdma_adc1
 .bss.hcan      0x00000000200000c4       0x28 ./Core/Src/main.o
                0x00000000200000c4                hcan
 .bss.htim2     0x00000000200000ec       0x4c ./Core/Src/main.o
                0x00000000200000ec                htim2
 .bss.control_option
                0x0000000020000138        0x1 ./Core/Src/main.o
                0x0000000020000138                control_option
 *fill*         0x0000000020000139        0x3 
 .bss.current_pressure
                0x000000002000013c        0x4 ./Core/Src/main.o
                0x000000002000013c                current_pressure
 .bss.pressure_error
                0x0000000020000140        0x4 ./Core/Src/main.o
                0x0000000020000140                pressure_error
 .bss.ADC_values
                0x0000000020000144       0x14 ./Core/Src/main.o
                0x0000000020000144                ADC_values
 .bss.uwTick    0x0000000020000158        0x4 ./Drivers/STM32F3xx_HAL_Driver/Src/stm32f3xx_hal.o
                0x0000000020000158                uwTick
 *(COMMON)
                0x000000002000015c                . = ALIGN (0x4)
                0x000000002000015c                _ebss = .
                0x000000002000015c                __bss_end__ = _ebss

._user_heap_stack
                0x000000002000015c      0x604 load address 0x00000000080052a8
                0x0000000020000160                . = ALIGN (0x8)
 *fill*         0x000000002000015c        0x4 
                [!provide]                        PROVIDE (end = .)
                0x0000000020000160                PROVIDE (_end = .)
                0x0000000020000360                . = (. + _Min_Heap_Size)
 *fill*         0x0000000020000160      0x200 
                0x0000000020000760                . = (. + _Min_Stack_Size)
 *fill*         0x0000000020000360      0x400 
                0x0000000020000760                . = ALIGN (0x8)

/DISCARD/
 libc.a(*)
 libm.a(*)
 libgcc.a(*)

.ARM.attributes
                0x0000000000000000       0x30
 *(.ARM.attributes)
 .ARM.attributes
                0x0000000000000000       0x1e c:/st/stm32cubeide_1.8.0/stm32cubeide/plugins/com.st.stm32cube.ide.mcu.externaltools.gnu-tools-for-stm32.10.3-2021.10.win32_1.0.0.202111181127/tools/bin/../lib/gcc/arm-none-eabi/10.3.1/thumb/v7e-m+fp/hard/crti.o
 .ARM.attributes
                0x000000000000001e       0x34 c:/st/stm32cubeide_1.8.0/stm32cubeide/plugins/com.st.stm32cube.ide.mcu.externaltools.gnu-tools-for-stm32.10.3-2021.10.win32_1.0.0.202111181127/tools/bin/../lib/gcc/arm-none-eabi/10.3.1/thumb/v7e-m+fp/hard/crtbegin.o
 .ARM.attributes
                0x0000000000000052       0x34 ./Core/Src/main.o
 .ARM.attributes
                0x0000000000000086       0x34 ./Core/Src/stm32f3xx_hal_msp.o
 .ARM.attributes
                0x00000000000000ba       0x34 ./Core/Src/stm32f3xx_it.o
 .ARM.attributes
                0x00000000000000ee       0x34 ./Core/Src/system_stm32f3xx.o
 .ARM.attributes
                0x0000000000000122       0x21 ./Core/Startup/startup_stm32f302r8tx.o
 .ARM.attributes
                0x0000000000000143       0x34 ./Drivers/MMR_CAN/Src/mmr_can.o
 .ARM.attributes
                0x0000000000000177       0x34 ./Drivers/MMR_CAN/Src/mmr_can_header.o
 .ARM.attributes
                0x00000000000001ab       0x34 ./Drivers/MMR_CAN/Src/mmr_can_receive.o
 .ARM.attributes
                0x00000000000001df       0x34 ./Drivers/STM32F3xx_HAL_Driver/Src/stm32f3xx_hal.o
 .ARM.attributes
                0x0000000000000213       0x34 ./Drivers/STM32F3xx_HAL_Driver/Src/stm32f3xx_hal_adc.o
 .ARM.attributes
                0x0000000000000247       0x34 ./Drivers/STM32F3xx_HAL_Driver/Src/stm32f3xx_hal_adc_ex.o
 .ARM.attributes
                0x000000000000027b       0x34 ./Drivers/STM32F3xx_HAL_Driver/Src/stm32f3xx_hal_can.o
 .ARM.attributes
                0x00000000000002af       0x34 ./Drivers/STM32F3xx_HAL_Driver/Src/stm32f3xx_hal_cortex.o
 .ARM.attributes
                0x00000000000002e3       0x34 ./Drivers/STM32F3xx_HAL_Driver/Src/stm32f3xx_hal_dma.o
 .ARM.attributes
                0x0000000000000317       0x34 ./Drivers/STM32F3xx_HAL_Driver/Src/stm32f3xx_hal_gpio.o
 .ARM.attributes
                0x000000000000034b       0x34 ./Drivers/STM32F3xx_HAL_Driver/Src/stm32f3xx_hal_rcc.o
 .ARM.attributes
                0x000000000000037f       0x34 ./Drivers/STM32F3xx_HAL_Driver/Src/stm32f3xx_hal_tim.o
 .ARM.attributes
                0x00000000000003b3       0x34 ./Drivers/STM32F3xx_HAL_Driver/Src/stm32f3xx_hal_tim_ex.o
 .ARM.attributes
                0x00000000000003e7       0x34 c:/st/stm32cubeide_1.8.0/stm32cubeide/plugins/com.st.stm32cube.ide.mcu.externaltools.gnu-tools-for-stm32.10.3-2021.10.win32_1.0.0.202111181127/tools/bin/../lib/gcc/arm-none-eabi/10.3.1/../../../../arm-none-eabi/lib/thumb/v7e-m+fp/hard\libc_nano.a(lib_a-init.o)
 .ARM.attributes
                0x000000000000041b       0x34 c:/st/stm32cubeide_1.8.0/stm32cubeide/plugins/com.st.stm32cube.ide.mcu.externaltools.gnu-tools-for-stm32.10.3-2021.10.win32_1.0.0.202111181127/tools/bin/../lib/gcc/arm-none-eabi/10.3.1/../../../../arm-none-eabi/lib/thumb/v7e-m+fp/hard\libc_nano.a(lib_a-memset.o)
 .ARM.attributes
                0x000000000000044f       0x1e c:/st/stm32cubeide_1.8.0/stm32cubeide/plugins/com.st.stm32cube.ide.mcu.externaltools.gnu-tools-for-stm32.10.3-2021.10.win32_1.0.0.202111181127/tools/bin/../lib/gcc/arm-none-eabi/10.3.1/thumb/v7e-m+fp/hard/crtn.o
OUTPUT(brake.elf elf32-littlearm)
LOAD linker stubs
LOAD c:/st/stm32cubeide_1.8.0/stm32cubeide/plugins/com.st.stm32cube.ide.mcu.externaltools.gnu-tools-for-stm32.10.3-2021.10.win32_1.0.0.202111181127/tools/bin/../lib/gcc/arm-none-eabi/10.3.1/../../../../arm-none-eabi/lib/thumb/v7e-m+fp/hard\libc.a
LOAD c:/st/stm32cubeide_1.8.0/stm32cubeide/plugins/com.st.stm32cube.ide.mcu.externaltools.gnu-tools-for-stm32.10.3-2021.10.win32_1.0.0.202111181127/tools/bin/../lib/gcc/arm-none-eabi/10.3.1/../../../../arm-none-eabi/lib/thumb/v7e-m+fp/hard\libm.a
LOAD c:/st/stm32cubeide_1.8.0/stm32cubeide/plugins/com.st.stm32cube.ide.mcu.externaltools.gnu-tools-for-stm32.10.3-2021.10.win32_1.0.0.202111181127/tools/bin/../lib/gcc/arm-none-eabi/10.3.1/thumb/v7e-m+fp/hard\libgcc.a

.debug_info     0x0000000000000000     0xf851
 .debug_info    0x0000000000000000     0x1c57 ./Core/Src/main.o
 .debug_info    0x0000000000001c57     0x144f ./Core/Src/stm32f3xx_hal_msp.o
 .debug_info    0x00000000000030a6      0x766 ./Core/Src/stm32f3xx_it.o
 .debug_info    0x000000000000380c      0x416 ./Core/Src/system_stm32f3xx.o
 .debug_info    0x0000000000003c22       0x22 ./Core/Startup/startup_stm32f302r8tx.o
 .debug_info    0x0000000000003c44      0x72f ./Drivers/MMR_CAN/Src/mmr_can.o
 .debug_info    0x0000000000004373      0x273 ./Drivers/MMR_CAN/Src/mmr_can_header.o
 .debug_info    0x00000000000045e6      0x923 ./Drivers/MMR_CAN/Src/mmr_can_receive.o
 .debug_info    0x0000000000004f09      0x7a7 ./Drivers/STM32F3xx_HAL_Driver/Src/stm32f3xx_hal.o
 .debug_info    0x00000000000056b0      0xb9e ./Drivers/STM32F3xx_HAL_Driver/Src/stm32f3xx_hal_adc.o
 .debug_info    0x000000000000624e     0x1483 ./Drivers/STM32F3xx_HAL_Driver/Src/stm32f3xx_hal_adc_ex.o
 .debug_info    0x00000000000076d1      0xfb3 ./Drivers/STM32F3xx_HAL_Driver/Src/stm32f3xx_hal_can.o
 .debug_info    0x0000000000008684      0xb4a ./Drivers/STM32F3xx_HAL_Driver/Src/stm32f3xx_hal_cortex.o
 .debug_info    0x00000000000091ce      0x757 ./Drivers/STM32F3xx_HAL_Driver/Src/stm32f3xx_hal_dma.o
 .debug_info    0x0000000000009925      0x68a ./Drivers/STM32F3xx_HAL_Driver/Src/stm32f3xx_hal_gpio.o
 .debug_info    0x0000000000009faf     0x1586 ./Drivers/STM32F3xx_HAL_Driver/Src/stm32f3xx_hal_rcc.o
 .debug_info    0x000000000000b535     0x2ca3 ./Drivers/STM32F3xx_HAL_Driver/Src/stm32f3xx_hal_tim.o
 .debug_info    0x000000000000e1d8     0x1679 ./Drivers/STM32F3xx_HAL_Driver/Src/stm32f3xx_hal_tim_ex.o

.debug_abbrev   0x0000000000000000     0x2373
 .debug_abbrev  0x0000000000000000      0x346 ./Core/Src/main.o
 .debug_abbrev  0x0000000000000346      0x25c ./Core/Src/stm32f3xx_hal_msp.o
 .debug_abbrev  0x00000000000005a2      0x184 ./Core/Src/stm32f3xx_it.o
 .debug_abbrev  0x0000000000000726      0x116 ./Core/Src/system_stm32f3xx.o
 .debug_abbrev  0x000000000000083c       0x12 ./Core/Startup/startup_stm32f302r8tx.o
 .debug_abbrev  0x000000000000084e      0x1d8 ./Drivers/MMR_CAN/Src/mmr_can.o
 .debug_abbrev  0x0000000000000a26       0xcd ./Drivers/MMR_CAN/Src/mmr_can_header.o
 .debug_abbrev  0x0000000000000af3      0x1fe ./Drivers/MMR_CAN/Src/mmr_can_receive.o
 .debug_abbrev  0x0000000000000cf1      0x20e ./Drivers/STM32F3xx_HAL_Driver/Src/stm32f3xx_hal.o
 .debug_abbrev  0x0000000000000eff      0x17a ./Drivers/STM32F3xx_HAL_Driver/Src/stm32f3xx_hal_adc.o
 .debug_abbrev  0x0000000000001079      0x27a ./Drivers/STM32F3xx_HAL_Driver/Src/stm32f3xx_hal_adc_ex.o
 .debug_abbrev  0x00000000000012f3      0x20c ./Drivers/STM32F3xx_HAL_Driver/Src/stm32f3xx_hal_can.o
 .debug_abbrev  0x00000000000014ff      0x2ed ./Drivers/STM32F3xx_HAL_Driver/Src/stm32f3xx_hal_cortex.o
 .debug_abbrev  0x00000000000017ec      0x1fe ./Drivers/STM32F3xx_HAL_Driver/Src/stm32f3xx_hal_dma.o
 .debug_abbrev  0x00000000000019ea      0x1bb ./Drivers/STM32F3xx_HAL_Driver/Src/stm32f3xx_hal_gpio.o
 .debug_abbrev  0x0000000000001ba5      0x30c ./Drivers/STM32F3xx_HAL_Driver/Src/stm32f3xx_hal_rcc.o
 .debug_abbrev  0x0000000000001eb1      0x25d ./Drivers/STM32F3xx_HAL_Driver/Src/stm32f3xx_hal_tim.o
 .debug_abbrev  0x000000000000210e      0x265 ./Drivers/STM32F3xx_HAL_Driver/Src/stm32f3xx_hal_tim_ex.o

.debug_aranges  0x0000000000000000      0xe30
 .debug_aranges
                0x0000000000000000       0x78 ./Core/Src/main.o
 .debug_aranges
                0x0000000000000078       0x58 ./Core/Src/stm32f3xx_hal_msp.o
 .debug_aranges
                0x00000000000000d0       0x70 ./Core/Src/stm32f3xx_it.o
 .debug_aranges
                0x0000000000000140       0x28 ./Core/Src/system_stm32f3xx.o
 .debug_aranges
                0x0000000000000168       0x28 ./Core/Startup/startup_stm32f302r8tx.o
 .debug_aranges
                0x0000000000000190       0x40 ./Drivers/MMR_CAN/Src/mmr_can.o
 .debug_aranges
                0x00000000000001d0       0x40 ./Drivers/MMR_CAN/Src/mmr_can_header.o
 .debug_aranges
                0x0000000000000210       0x40 ./Drivers/MMR_CAN/Src/mmr_can_receive.o
 .debug_aranges
                0x0000000000000250       0xe0 ./Drivers/STM32F3xx_HAL_Driver/Src/stm32f3xx_hal.o
 .debug_aranges
                0x0000000000000330       0xc8 ./Drivers/STM32F3xx_HAL_Driver/Src/stm32f3xx_hal_adc.o
 .debug_aranges
                0x00000000000003f8      0x140 ./Drivers/STM32F3xx_HAL_Driver/Src/stm32f3xx_hal_adc_ex.o
 .debug_aranges
                0x0000000000000538      0x138 ./Drivers/STM32F3xx_HAL_Driver/Src/stm32f3xx_hal_can.o
 .debug_aranges
                0x0000000000000670      0x100 ./Drivers/STM32F3xx_HAL_Driver/Src/stm32f3xx_hal_cortex.o
 .debug_aranges
                0x0000000000000770       0x88 ./Drivers/STM32F3xx_HAL_Driver/Src/stm32f3xx_hal_dma.o
 .debug_aranges
                0x00000000000007f8       0x58 ./Drivers/STM32F3xx_HAL_Driver/Src/stm32f3xx_hal_gpio.o
 .debug_aranges
                0x0000000000000850       0x88 ./Drivers/STM32F3xx_HAL_Driver/Src/stm32f3xx_hal_rcc.o
 .debug_aranges
                0x00000000000008d8      0x3e0 ./Drivers/STM32F3xx_HAL_Driver/Src/stm32f3xx_hal_tim.o
 .debug_aranges
                0x0000000000000cb8      0x178 ./Drivers/STM32F3xx_HAL_Driver/Src/stm32f3xx_hal_tim_ex.o

.debug_ranges   0x0000000000000000      0xd18
 .debug_ranges  0x0000000000000000       0x68 ./Core/Src/main.o
 .debug_ranges  0x0000000000000068       0x48 ./Core/Src/stm32f3xx_hal_msp.o
 .debug_ranges  0x00000000000000b0       0x60 ./Core/Src/stm32f3xx_it.o
 .debug_ranges  0x0000000000000110       0x18 ./Core/Src/system_stm32f3xx.o
 .debug_ranges  0x0000000000000128       0x20 ./Core/Startup/startup_stm32f302r8tx.o
 .debug_ranges  0x0000000000000148       0x30 ./Drivers/MMR_CAN/Src/mmr_can.o
 .debug_ranges  0x0000000000000178       0x30 ./Drivers/MMR_CAN/Src/mmr_can_header.o
 .debug_ranges  0x00000000000001a8       0x30 ./Drivers/MMR_CAN/Src/mmr_can_receive.o
 .debug_ranges  0x00000000000001d8       0xd0 ./Drivers/STM32F3xx_HAL_Driver/Src/stm32f3xx_hal.o
 .debug_ranges  0x00000000000002a8       0xb8 ./Drivers/STM32F3xx_HAL_Driver/Src/stm32f3xx_hal_adc.o
 .debug_ranges  0x0000000000000360      0x130 ./Drivers/STM32F3xx_HAL_Driver/Src/stm32f3xx_hal_adc_ex.o
 .debug_ranges  0x0000000000000490      0x128 ./Drivers/STM32F3xx_HAL_Driver/Src/stm32f3xx_hal_can.o
 .debug_ranges  0x00000000000005b8       0xf0 ./Drivers/STM32F3xx_HAL_Driver/Src/stm32f3xx_hal_cortex.o
 .debug_ranges  0x00000000000006a8       0x78 ./Drivers/STM32F3xx_HAL_Driver/Src/stm32f3xx_hal_dma.o
 .debug_ranges  0x0000000000000720       0x48 ./Drivers/STM32F3xx_HAL_Driver/Src/stm32f3xx_hal_gpio.o
 .debug_ranges  0x0000000000000768       0x78 ./Drivers/STM32F3xx_HAL_Driver/Src/stm32f3xx_hal_rcc.o
 .debug_ranges  0x00000000000007e0      0x3d0 ./Drivers/STM32F3xx_HAL_Driver/Src/stm32f3xx_hal_tim.o
 .debug_ranges  0x0000000000000bb0      0x168 ./Drivers/STM32F3xx_HAL_Driver/Src/stm32f3xx_hal_tim_ex.o

.debug_macro    0x0000000000000000    0x1cb42
 .debug_macro   0x0000000000000000      0x372 ./Core/Src/main.o
 .debug_macro   0x0000000000000372      0xa78 ./Core/Src/main.o
 .debug_macro   0x0000000000000dea      0x15d ./Core/Src/main.o
 .debug_macro   0x0000000000000f47       0x2e ./Core/Src/main.o
 .debug_macro   0x0000000000000f75       0x28 ./Core/Src/main.o
 .debug_macro   0x0000000000000f9d       0x22 ./Core/Src/main.o
 .debug_macro   0x0000000000000fbf       0x8e ./Core/Src/main.o
 .debug_macro   0x000000000000104d       0x51 ./Core/Src/main.o
 .debug_macro   0x000000000000109e      0x103 ./Core/Src/main.o
 .debug_macro   0x00000000000011a1       0x6a ./Core/Src/main.o
 .debug_macro   0x000000000000120b      0x1df ./Core/Src/main.o
 .debug_macro   0x00000000000013ea       0x1c ./Core/Src/main.o
 .debug_macro   0x0000000000001406       0x22 ./Core/Src/main.o
 .debug_macro   0x0000000000001428       0xd9 ./Core/Src/main.o
 .debug_macro   0x0000000000001501      0xf07 ./Core/Src/main.o
 .debug_macro   0x0000000000002408    0x110e8 ./Core/Src/main.o
 .debug_macro   0x00000000000134f0       0x6d ./Core/Src/main.o
 .debug_macro   0x000000000001355d     0x3540 ./Core/Src/main.o
 .debug_macro   0x0000000000016a9d      0x174 ./Core/Src/main.o
 .debug_macro   0x0000000000016c11       0x55 ./Core/Src/main.o
 .debug_macro   0x0000000000016c66      0x8f9 ./Core/Src/main.o
 .debug_macro   0x000000000001755f      0x41b ./Core/Src/main.o
 .debug_macro   0x000000000001797a      0x1b6 ./Core/Src/main.o
 .debug_macro   0x0000000000017b30      0x161 ./Core/Src/main.o
 .debug_macro   0x0000000000017c91      0x1d5 ./Core/Src/main.o
 .debug_macro   0x0000000000017e66      0x1bc ./Core/Src/main.o
 .debug_macro   0x0000000000018022       0x34 ./Core/Src/main.o
 .debug_macro   0x0000000000018056       0x3c ./Core/Src/main.o
 .debug_macro   0x0000000000018092       0x57 ./Core/Src/main.o
 .debug_macro   0x00000000000180e9      0x7b9 ./Core/Src/main.o
 .debug_macro   0x00000000000188a2       0x77 ./Core/Src/main.o
 .debug_macro   0x0000000000018919      0x408 ./Core/Src/main.o
 .debug_macro   0x0000000000018d21       0xc5 ./Core/Src/main.o
 .debug_macro   0x0000000000018de6      0x19f ./Core/Src/main.o
 .debug_macro   0x0000000000018f85      0x22c ./Core/Src/main.o
 .debug_macro   0x00000000000191b1       0x5b ./Core/Src/main.o
 .debug_macro   0x000000000001920c       0xa5 ./Core/Src/main.o
 .debug_macro   0x00000000000192b1       0x81 ./Core/Src/main.o
 .debug_macro   0x0000000000019332       0xd3 ./Core/Src/main.o
 .debug_macro   0x0000000000019405      0xa3d ./Core/Src/main.o
 .debug_macro   0x0000000000019e42       0x41 ./Core/Src/main.o
 .debug_macro   0x0000000000019e83      0x1f7 ./Core/Src/main.o
 .debug_macro   0x000000000001a07a       0x28 ./Core/Src/main.o
 .debug_macro   0x000000000001a0a2       0x52 ./Core/Src/main.o
 .debug_macro   0x000000000001a0f4       0x1e ./Core/Src/main.o
 .debug_macro   0x000000000001a112       0x3c ./Core/Src/main.o
 .debug_macro   0x000000000001a14e       0x34 ./Core/Src/main.o
 .debug_macro   0x000000000001a182       0x16 ./Core/Src/main.o
 .debug_macro   0x000000000001a198       0x43 ./Core/Src/main.o
 .debug_macro   0x000000000001a1db       0x34 ./Core/Src/main.o
 .debug_macro   0x000000000001a20f       0x10 ./Core/Src/main.o
 .debug_macro   0x000000000001a21f       0x58 ./Core/Src/main.o
 .debug_macro   0x000000000001a277       0x71 ./Core/Src/main.o
 .debug_macro   0x000000000001a2e8       0x1c ./Core/Src/main.o
 .debug_macro   0x000000000001a304      0x12a ./Core/Src/main.o
 .debug_macro   0x000000000001a42e      0x341 ./Core/Src/main.o
 .debug_macro   0x000000000001a76f      0x19b ./Core/Src/main.o
 .debug_macro   0x000000000001a90a       0x22 ./Core/Src/main.o
 .debug_macro   0x000000000001a92c       0x16 ./Core/Src/main.o
 .debug_macro   0x000000000001a942       0x35 ./Core/Src/main.o
 .debug_macro   0x000000000001a977       0x20 ./Core/Src/main.o
 .debug_macro   0x000000000001a997       0x2e ./Core/Src/main.o
 .debug_macro   0x000000000001a9c5       0xa6 ./Core/Src/main.o
 .debug_macro   0x000000000001aa6b       0x10 ./Core/Src/main.o
 .debug_macro   0x000000000001aa7b       0x10 ./Core/Src/main.o
 .debug_macro   0x000000000001aa8b       0x23 ./Core/Src/main.o
 .debug_macro   0x000000000001aaae       0x40 ./Core/Src/main.o
 .debug_macro   0x000000000001aaee      0x1e4 ./Core/Src/stm32f3xx_hal_msp.o
 .debug_macro   0x000000000001acd2      0x1ee ./Core/Src/stm32f3xx_it.o
 .debug_macro   0x000000000001aec0      0x1d5 ./Core/Src/system_stm32f3xx.o
 .debug_macro   0x000000000001b095      0x32a ./Drivers/MMR_CAN/Src/mmr_can.o
 .debug_macro   0x000000000001b3bf       0x10 ./Drivers/MMR_CAN/Src/mmr_can.o
 .debug_macro   0x000000000001b3cf      0x178 ./Drivers/MMR_CAN/Src/mmr_can_header.o
 .debug_macro   0x000000000001b547      0x326 ./Drivers/MMR_CAN/Src/mmr_can_receive.o
 .debug_macro   0x000000000001b86d      0x1f9 ./Drivers/STM32F3xx_HAL_Driver/Src/stm32f3xx_hal.o
 .debug_macro   0x000000000001ba66      0x1d6 ./Drivers/STM32F3xx_HAL_Driver/Src/stm32f3xx_hal_adc.o
 .debug_macro   0x000000000001bc3c      0x1ff ./Drivers/STM32F3xx_HAL_Driver/Src/stm32f3xx_hal_adc_ex.o
 .debug_macro   0x000000000001be3b      0x1dd ./Drivers/STM32F3xx_HAL_Driver/Src/stm32f3xx_hal_can.o
 .debug_macro   0x000000000001c018      0x1d5 ./Drivers/STM32F3xx_HAL_Driver/Src/stm32f3xx_hal_cortex.o
 .debug_macro   0x000000000001c1ed      0x1d5 ./Drivers/STM32F3xx_HAL_Driver/Src/stm32f3xx_hal_dma.o
 .debug_macro   0x000000000001c3c2      0x1dc ./Drivers/STM32F3xx_HAL_Driver/Src/stm32f3xx_hal_gpio.o
 .debug_macro   0x000000000001c59e      0x1f9 ./Drivers/STM32F3xx_HAL_Driver/Src/stm32f3xx_hal_rcc.o
 .debug_macro   0x000000000001c797      0x1d6 ./Drivers/STM32F3xx_HAL_Driver/Src/stm32f3xx_hal_tim.o
 .debug_macro   0x000000000001c96d      0x1d5 ./Drivers/STM32F3xx_HAL_Driver/Src/stm32f3xx_hal_tim_ex.o

.debug_line     0x0000000000000000    0x108e5
 .debug_line    0x0000000000000000      0xc6b ./Core/Src/main.o
 .debug_line    0x0000000000000c6b      0x80a ./Core/Src/stm32f3xx_hal_msp.o
 .debug_line    0x0000000000001475      0x7db ./Core/Src/stm32f3xx_it.o
 .debug_line    0x0000000000001c50      0x75f ./Core/Src/system_stm32f3xx.o
 .debug_line    0x00000000000023af       0x88 ./Core/Startup/startup_stm32f302r8tx.o
 .debug_line    0x0000000000002437      0x9c0 ./Drivers/MMR_CAN/Src/mmr_can.o
 .debug_line    0x0000000000002df7      0x617 ./Drivers/MMR_CAN/Src/mmr_can_header.o
 .debug_line    0x000000000000340e      0xa29 ./Drivers/MMR_CAN/Src/mmr_can_receive.o
 .debug_line    0x0000000000003e37      0x994 ./Drivers/STM32F3xx_HAL_Driver/Src/stm32f3xx_hal.o
 .debug_line    0x00000000000047cb      0x8d8 ./Drivers/STM32F3xx_HAL_Driver/Src/stm32f3xx_hal_adc.o
 .debug_line    0x00000000000050a3     0x1b6f ./Drivers/STM32F3xx_HAL_Driver/Src/stm32f3xx_hal_adc_ex.o
 .debug_line    0x0000000000006c12     0x1133 ./Drivers/STM32F3xx_HAL_Driver/Src/stm32f3xx_hal_can.o
 .debug_line    0x0000000000007d45      0xb7c ./Drivers/STM32F3xx_HAL_Driver/Src/stm32f3xx_hal_cortex.o
 .debug_line    0x00000000000088c1      0xc82 ./Drivers/STM32F3xx_HAL_Driver/Src/stm32f3xx_hal_dma.o
 .debug_line    0x0000000000009543      0xae1 ./Drivers/STM32F3xx_HAL_Driver/Src/stm32f3xx_hal_gpio.o
 .debug_line    0x000000000000a024     0x1371 ./Drivers/STM32F3xx_HAL_Driver/Src/stm32f3xx_hal_rcc.o
 .debug_line    0x000000000000b395     0x3b7c ./Drivers/STM32F3xx_HAL_Driver/Src/stm32f3xx_hal_tim.o
 .debug_line    0x000000000000ef11     0x19d4 ./Drivers/STM32F3xx_HAL_Driver/Src/stm32f3xx_hal_tim_ex.o

.debug_str      0x0000000000000000    0xaad3c
 .debug_str     0x0000000000000000    0xa7c7a ./Core/Src/main.o
                                      0xa8175 (size before relaxing)
 .debug_str     0x00000000000a7c7a       0xeb ./Core/Src/stm32f3xx_hal_msp.o
                                      0xa3822 (size before relaxing)
 .debug_str     0x00000000000a7d65      0x118 ./Core/Src/stm32f3xx_it.o
                                      0xa2f0a (size before relaxing)
 .debug_str     0x00000000000a7e7d       0xdf ./Core/Src/system_stm32f3xx.o
                                      0xa2997 (size before relaxing)
 .debug_str     0x00000000000a7f5c       0x36 ./Core/Startup/startup_stm32f302r8tx.o
                                         0x66 (size before relaxing)
 .debug_str     0x00000000000a7f92      0x1f2 ./Drivers/MMR_CAN/Src/mmr_can.o
                                      0xa6281 (size before relaxing)
 .debug_str     0x00000000000a8184       0x95 ./Drivers/MMR_CAN/Src/mmr_can_header.o
                                       0x743a (size before relaxing)
 .debug_str     0x00000000000a8219      0x114 ./Drivers/MMR_CAN/Src/mmr_can_receive.o
                                      0xa63ac (size before relaxing)
 .debug_str     0x00000000000a832d      0x3a1 ./Drivers/STM32F3xx_HAL_Driver/Src/stm32f3xx_hal.o
                                      0xa30f1 (size before relaxing)
 .debug_str     0x00000000000a86ce      0x1fd ./Drivers/STM32F3xx_HAL_Driver/Src/stm32f3xx_hal_adc.o
                                      0xa2f84 (size before relaxing)
 .debug_str     0x00000000000a88cb      0x633 ./Drivers/STM32F3xx_HAL_Driver/Src/stm32f3xx_hal_adc_ex.o
                                      0xa35a9 (size before relaxing)
 .debug_str     0x00000000000a8efe      0x445 ./Drivers/STM32F3xx_HAL_Driver/Src/stm32f3xx_hal_can.o
                                      0xa311e (size before relaxing)
 .debug_str     0x00000000000a9343      0x20f ./Drivers/STM32F3xx_HAL_Driver/Src/stm32f3xx_hal_cortex.o
                                      0xa3016 (size before relaxing)
 .debug_str     0x00000000000a9552      0x1fa ./Drivers/STM32F3xx_HAL_Driver/Src/stm32f3xx_hal_dma.o
                                      0xa2cdf (size before relaxing)
 .debug_str     0x00000000000a974c      0x11a ./Drivers/STM32F3xx_HAL_Driver/Src/stm32f3xx_hal_gpio.o
                                      0xa2b0d (size before relaxing)
 .debug_str     0x00000000000a9866      0x2c3 ./Drivers/STM32F3xx_HAL_Driver/Src/stm32f3xx_hal_rcc.o
                                      0xa2e37 (size before relaxing)
 .debug_str     0x00000000000a9b29      0xd37 ./Drivers/STM32F3xx_HAL_Driver/Src/stm32f3xx_hal_tim.o
                                      0xa3dbe (size before relaxing)
 .debug_str     0x00000000000aa860      0x4dc ./Drivers/STM32F3xx_HAL_Driver/Src/stm32f3xx_hal_tim_ex.o
                                      0xa3614 (size before relaxing)

.comment        0x0000000000000000       0x50
 .comment       0x0000000000000000       0x50 ./Core/Src/main.o
                                         0x51 (size before relaxing)
 .comment       0x0000000000000050       0x51 ./Core/Src/stm32f3xx_hal_msp.o
 .comment       0x0000000000000050       0x51 ./Core/Src/stm32f3xx_it.o
 .comment       0x0000000000000050       0x51 ./Core/Src/system_stm32f3xx.o
 .comment       0x0000000000000050       0x51 ./Drivers/MMR_CAN/Src/mmr_can.o
 .comment       0x0000000000000050       0x51 ./Drivers/MMR_CAN/Src/mmr_can_header.o
 .comment       0x0000000000000050       0x51 ./Drivers/MMR_CAN/Src/mmr_can_receive.o
 .comment       0x0000000000000050       0x51 ./Drivers/STM32F3xx_HAL_Driver/Src/stm32f3xx_hal.o
 .comment       0x0000000000000050       0x51 ./Drivers/STM32F3xx_HAL_Driver/Src/stm32f3xx_hal_adc.o
 .comment       0x0000000000000050       0x51 ./Drivers/STM32F3xx_HAL_Driver/Src/stm32f3xx_hal_adc_ex.o
 .comment       0x0000000000000050       0x51 ./Drivers/STM32F3xx_HAL_Driver/Src/stm32f3xx_hal_can.o
 .comment       0x0000000000000050       0x51 ./Drivers/STM32F3xx_HAL_Driver/Src/stm32f3xx_hal_cortex.o
 .comment       0x0000000000000050       0x51 ./Drivers/STM32F3xx_HAL_Driver/Src/stm32f3xx_hal_dma.o
 .comment       0x0000000000000050       0x51 ./Drivers/STM32F3xx_HAL_Driver/Src/stm32f3xx_hal_gpio.o
 .comment       0x0000000000000050       0x51 ./Drivers/STM32F3xx_HAL_Driver/Src/stm32f3xx_hal_rcc.o
 .comment       0x0000000000000050       0x51 ./Drivers/STM32F3xx_HAL_Driver/Src/stm32f3xx_hal_tim.o
 .comment       0x0000000000000050       0x51 ./Drivers/STM32F3xx_HAL_Driver/Src/stm32f3xx_hal_tim_ex.o

.debug_frame    0x0000000000000000     0x3b50
 .debug_frame   0x0000000000000000      0x1b0 ./Core/Src/main.o
 .debug_frame   0x00000000000001b0      0x134 ./Core/Src/stm32f3xx_hal_msp.o
 .debug_frame   0x00000000000002e4      0x13c ./Core/Src/stm32f3xx_it.o
 .debug_frame   0x0000000000000420       0x58 ./Core/Src/system_stm32f3xx.o
 .debug_frame   0x0000000000000478       0xc8 ./Drivers/MMR_CAN/Src/mmr_can.o
 .debug_frame   0x0000000000000540       0xdc ./Drivers/MMR_CAN/Src/mmr_can_header.o
 .debug_frame   0x000000000000061c       0xc8 ./Drivers/MMR_CAN/Src/mmr_can_receive.o
 .debug_frame   0x00000000000006e4      0x334 ./Drivers/STM32F3xx_HAL_Driver/Src/stm32f3xx_hal.o
 .debug_frame   0x0000000000000a18      0x380 ./Drivers/STM32F3xx_HAL_Driver/Src/stm32f3xx_hal_adc.o
 .debug_frame   0x0000000000000d98      0x57c ./Drivers/STM32F3xx_HAL_Driver/Src/stm32f3xx_hal_adc_ex.o
 .debug_frame   0x0000000000001314      0x5a0 ./Drivers/STM32F3xx_HAL_Driver/Src/stm32f3xx_hal_can.o
 .debug_frame   0x00000000000018b4      0x428 ./Drivers/STM32F3xx_HAL_Driver/Src/stm32f3xx_hal_cortex.o
 .debug_frame   0x0000000000001cdc      0x224 ./Drivers/STM32F3xx_HAL_Driver/Src/stm32f3xx_hal_dma.o
 .debug_frame   0x0000000000001f00      0x14c ./Drivers/STM32F3xx_HAL_Driver/Src/stm32f3xx_hal_gpio.o
 .debug_frame   0x000000000000204c      0x214 ./Drivers/STM32F3xx_HAL_Driver/Src/stm32f3xx_hal_rcc.o
 .debug_frame   0x0000000000002260     0x121c ./Drivers/STM32F3xx_HAL_Driver/Src/stm32f3xx_hal_tim.o
 .debug_frame   0x000000000000347c      0x688 ./Drivers/STM32F3xx_HAL_Driver/Src/stm32f3xx_hal_tim_ex.o
 .debug_frame   0x0000000000003b04       0x2c c:/st/stm32cubeide_1.8.0/stm32cubeide/plugins/com.st.stm32cube.ide.mcu.externaltools.gnu-tools-for-stm32.10.3-2021.10.win32_1.0.0.202111181127/tools/bin/../lib/gcc/arm-none-eabi/10.3.1/../../../../arm-none-eabi/lib/thumb/v7e-m+fp/hard\libc_nano.a(lib_a-init.o)
 .debug_frame   0x0000000000003b30       0x20 c:/st/stm32cubeide_1.8.0/stm32cubeide/plugins/com.st.stm32cube.ide.mcu.externaltools.gnu-tools-for-stm32.10.3-2021.10.win32_1.0.0.202111181127/tools/bin/../lib/gcc/arm-none-eabi/10.3.1/../../../../arm-none-eabi/lib/thumb/v7e-m+fp/hard\libc_nano.a(lib_a-memset.o)
