../Core/Src/main.c:88:7:Current_pressure	16	static
../Core/Src/main.c:102:6:Direction_set	16	static
../Core/Src/main.c:116:6:Speed_set	16	static
../Core/Src/main.c:135:6:HAL_TIM_PeriodElapsedCallback	16	static
../Core/Src/main.c:151:5:main	32	static
../Core/Src/main.c:224:6:SystemClock_Config	72	static
../Core/Src/main.c:261:13:MX_ADC1_Init	32	static
../Core/Src/main.c:318:13:MX_CAN_Init	8	static
../Core/Src/main.c:359:13:MX_TIM2_Init	64	static
../Core/Src/main.c:417:13:MX_DMA_Init	16	static
../Core/Src/main.c:435:13:MX_GPIO_Init	40	static
../Core/Src/main.c:463:6:Error_Handler	4	static,ignoring_inline_asm
